// Jest Snapshot v1, https://goo.gl/fbAQLP

exports[`Graph Component Renders Correctly. Snapshot test Should Recive Data in Props 1`] = `ShallowWrapper {}`;
