// Jest Snapshot v1, https://goo.gl/fbAQLP

exports[`App Component Snapshot test 1`] = `
<div
  className="container"
>
  <AppRouter />
</div>
`;
